// Jest Snapshot v1, https://goo.gl/fbAQLP

exports[`getTabStyles transforms tab styles to CSS properties 1`] = `
{
  "--awsui-style-background-active-6190tg": "#bfdbfe",
  "--awsui-style-background-default-6190tg": "#dbeafe",
  "--awsui-style-background-disabled-6190tg": "#f3f4f6",
  "--awsui-style-background-hover-6190tg": "#eff6ff",
  "--awsui-style-border-color-active-6190tg": "#1d4ed8",
  "--awsui-style-border-color-default-6190tg": "#3b82f6",
  "--awsui-style-border-color-disabled-6190tg": "#93c5fd",
  "--awsui-style-border-color-hover-6190tg": "#2563eb",
  "--awsui-style-color-active-6190tg": "#1e3a8a",
  "--awsui-style-color-default-6190tg": "#1e40af",
  "--awsui-style-color-disabled-6190tg": "#93c5fd",
  "--awsui-style-color-hover-6190tg": "#1e40af",
  "--awsui-style-focus-ring-border-color-6190tg": "#3b82f6",
  "--awsui-style-focus-ring-border-radius-6190tg": "4px",
  "--awsui-style-focus-ring-border-width-6190tg": "2px",
  "borderRadius": "4px",
  "borderWidth": "2px",
  "fontSize": "16px",
  "fontWeight": "500",
  "paddingBlock": "10px",
  "paddingInline": "14px",
}
`;

exports[`getTabStyles transforms tab styles to CSS properties 2`] = `
{
  "--awsui-style-tabs-active-indicator-border-radius-6190tg": "2px",
  "--awsui-style-tabs-active-indicator-color-6190tg": "#1d4ed8",
  "--awsui-style-tabs-active-indicator-width-6190tg": "3px",
  "--awsui-style-tabs-separator-color-6190tg": "#cbd5e1",
  "--awsui-style-tabs-separator-width-6190tg": "2px",
}
`;
