// Jest Snapshot v1, https://goo.gl/fbAQLP

exports[`getTabStyles transforms tab styles to CSS properties 1`] = `
{
  "--awsui-style-background-active-m3n46o": "#bfdbfe",
  "--awsui-style-background-default-m3n46o": "#dbeafe",
  "--awsui-style-background-disabled-m3n46o": "#f3f4f6",
  "--awsui-style-background-hover-m3n46o": "#eff6ff",
  "--awsui-style-border-color-active-m3n46o": "#1d4ed8",
  "--awsui-style-border-color-default-m3n46o": "#3b82f6",
  "--awsui-style-border-color-disabled-m3n46o": "#93c5fd",
  "--awsui-style-border-color-hover-m3n46o": "#2563eb",
  "--awsui-style-color-active-m3n46o": "#1e3a8a",
  "--awsui-style-color-default-m3n46o": "#1e40af",
  "--awsui-style-color-disabled-m3n46o": "#93c5fd",
  "--awsui-style-color-hover-m3n46o": "#1e40af",
  "--awsui-style-focus-ring-border-color-m3n46o": "#3b82f6",
  "--awsui-style-focus-ring-border-radius-m3n46o": "4px",
  "--awsui-style-focus-ring-border-width-m3n46o": "2px",
  "borderRadius": "4px",
  "borderWidth": "2px",
  "fontSize": "16px",
  "fontWeight": "500",
  "paddingBlock": "10px",
  "paddingInline": "14px",
}
`;

exports[`getTabStyles transforms tab styles to CSS properties 2`] = `
{
  "--awsui-style-tabs-active-indicator-border-radius-m3n46o": "2px",
  "--awsui-style-tabs-active-indicator-color-m3n46o": "#1d4ed8",
  "--awsui-style-tabs-active-indicator-width-m3n46o": "3px",
  "--awsui-style-tabs-separator-color-m3n46o": "#cbd5e1",
  "--awsui-style-tabs-separator-width-m3n46o": "2px",
}
`;
