// Jest Snapshot v1, https://goo.gl/fbAQLP

exports[`getInputStyles handles all possible style configurations 1`] = `
{
  "--awsui-style-background-default-66120l": undefined,
  "--awsui-style-background-disabled-66120l": undefined,
  "--awsui-style-background-focus-66120l": undefined,
  "--awsui-style-background-hover-66120l": undefined,
  "--awsui-style-background-readonly-66120l": undefined,
  "--awsui-style-border-color-default-66120l": undefined,
  "--awsui-style-border-color-disabled-66120l": undefined,
  "--awsui-style-border-color-focus-66120l": undefined,
  "--awsui-style-border-color-hover-66120l": undefined,
  "--awsui-style-border-color-readonly-66120l": undefined,
  "--awsui-style-box-shadow-default-66120l": undefined,
  "--awsui-style-box-shadow-disabled-66120l": undefined,
  "--awsui-style-box-shadow-focus-66120l": undefined,
  "--awsui-style-box-shadow-hover-66120l": undefined,
  "--awsui-style-box-shadow-readonly-66120l": undefined,
  "--awsui-style-color-default-66120l": undefined,
  "--awsui-style-color-disabled-66120l": undefined,
  "--awsui-style-color-focus-66120l": undefined,
  "--awsui-style-color-hover-66120l": undefined,
  "--awsui-style-color-readonly-66120l": undefined,
  "--awsui-style-placeholder-color-66120l": undefined,
  "--awsui-style-placeholder-font-size-66120l": undefined,
  "--awsui-style-placeholder-font-style-66120l": undefined,
  "--awsui-style-placeholder-font-weight-66120l": undefined,
  "borderRadius": undefined,
  "borderWidth": undefined,
  "fontSize": undefined,
  "fontWeight": undefined,
  "paddingBlock": undefined,
  "paddingInline": undefined,
}
`;

exports[`getInputStyles handles all possible style configurations 2`] = `
{
  "--awsui-style-background-default-66120l": undefined,
  "--awsui-style-background-disabled-66120l": undefined,
  "--awsui-style-background-focus-66120l": undefined,
  "--awsui-style-background-hover-66120l": undefined,
  "--awsui-style-background-readonly-66120l": undefined,
  "--awsui-style-border-color-default-66120l": undefined,
  "--awsui-style-border-color-disabled-66120l": undefined,
  "--awsui-style-border-color-focus-66120l": undefined,
  "--awsui-style-border-color-hover-66120l": undefined,
  "--awsui-style-border-color-readonly-66120l": undefined,
  "--awsui-style-box-shadow-default-66120l": undefined,
  "--awsui-style-box-shadow-disabled-66120l": undefined,
  "--awsui-style-box-shadow-focus-66120l": undefined,
  "--awsui-style-box-shadow-hover-66120l": undefined,
  "--awsui-style-box-shadow-readonly-66120l": undefined,
  "--awsui-style-color-default-66120l": undefined,
  "--awsui-style-color-disabled-66120l": undefined,
  "--awsui-style-color-focus-66120l": undefined,
  "--awsui-style-color-hover-66120l": undefined,
  "--awsui-style-color-readonly-66120l": undefined,
  "--awsui-style-placeholder-color-66120l": undefined,
  "--awsui-style-placeholder-font-size-66120l": undefined,
  "--awsui-style-placeholder-font-style-66120l": undefined,
  "--awsui-style-placeholder-font-weight-66120l": undefined,
  "borderRadius": undefined,
  "borderWidth": undefined,
  "fontSize": undefined,
  "fontWeight": undefined,
  "paddingBlock": undefined,
  "paddingInline": undefined,
}
`;

exports[`getInputStyles handles all possible style configurations 3`] = `
{
  "--awsui-style-background-default-66120l": "#ffffff",
  "--awsui-style-background-disabled-66120l": "#f0f0f0",
  "--awsui-style-background-focus-66120l": "#ffffff",
  "--awsui-style-background-hover-66120l": "#fafafa",
  "--awsui-style-background-readonly-66120l": "#ffffff",
  "--awsui-style-border-color-default-66120l": "#cccccc",
  "--awsui-style-border-color-disabled-66120l": "#e0e0e0",
  "--awsui-style-border-color-focus-66120l": "#0073bb",
  "--awsui-style-border-color-hover-66120l": "#999999",
  "--awsui-style-border-color-readonly-66120l": "#e0e0e0",
  "--awsui-style-box-shadow-default-66120l": "none",
  "--awsui-style-box-shadow-disabled-66120l": "none",
  "--awsui-style-box-shadow-focus-66120l": "0 0 0 2px #0073bb",
  "--awsui-style-box-shadow-hover-66120l": "0 1px 2px rgba(0,0,0,0.1)",
  "--awsui-style-box-shadow-readonly-66120l": "none",
  "--awsui-style-color-default-66120l": "#000000",
  "--awsui-style-color-disabled-66120l": "#999999",
  "--awsui-style-color-focus-66120l": "#000000",
  "--awsui-style-color-hover-66120l": "#000000",
  "--awsui-style-color-readonly-66120l": "#000000",
  "--awsui-style-placeholder-color-66120l": "#999999",
  "--awsui-style-placeholder-font-size-66120l": "14px",
  "--awsui-style-placeholder-font-style-66120l": "italic",
  "--awsui-style-placeholder-font-weight-66120l": "400",
  "borderRadius": "4px",
  "borderWidth": "1px",
  "fontSize": "14px",
  "fontWeight": "400",
  "paddingBlock": "8px",
  "paddingInline": "12px",
}
`;
