// Jest Snapshot v1, https://goo.gl/fbAQLP

exports[`getInputStyles handles all possible style configurations 1`] = `
{
  "--awsui-style-background-default-jsjyte": undefined,
  "--awsui-style-background-disabled-jsjyte": undefined,
  "--awsui-style-background-focus-jsjyte": undefined,
  "--awsui-style-background-hover-jsjyte": undefined,
  "--awsui-style-background-readonly-jsjyte": undefined,
  "--awsui-style-border-color-default-jsjyte": undefined,
  "--awsui-style-border-color-disabled-jsjyte": undefined,
  "--awsui-style-border-color-focus-jsjyte": undefined,
  "--awsui-style-border-color-hover-jsjyte": undefined,
  "--awsui-style-border-color-readonly-jsjyte": undefined,
  "--awsui-style-box-shadow-default-jsjyte": undefined,
  "--awsui-style-box-shadow-disabled-jsjyte": undefined,
  "--awsui-style-box-shadow-focus-jsjyte": undefined,
  "--awsui-style-box-shadow-hover-jsjyte": undefined,
  "--awsui-style-box-shadow-readonly-jsjyte": undefined,
  "--awsui-style-color-default-jsjyte": undefined,
  "--awsui-style-color-disabled-jsjyte": undefined,
  "--awsui-style-color-focus-jsjyte": undefined,
  "--awsui-style-color-hover-jsjyte": undefined,
  "--awsui-style-color-readonly-jsjyte": undefined,
  "--awsui-style-placeholder-color-jsjyte": undefined,
  "--awsui-style-placeholder-font-size-jsjyte": undefined,
  "--awsui-style-placeholder-font-style-jsjyte": undefined,
  "--awsui-style-placeholder-font-weight-jsjyte": undefined,
  "borderRadius": undefined,
  "borderWidth": undefined,
  "fontSize": undefined,
  "fontWeight": undefined,
  "paddingBlock": undefined,
  "paddingInline": undefined,
}
`;

exports[`getInputStyles handles all possible style configurations 2`] = `
{
  "--awsui-style-background-default-jsjyte": undefined,
  "--awsui-style-background-disabled-jsjyte": undefined,
  "--awsui-style-background-focus-jsjyte": undefined,
  "--awsui-style-background-hover-jsjyte": undefined,
  "--awsui-style-background-readonly-jsjyte": undefined,
  "--awsui-style-border-color-default-jsjyte": undefined,
  "--awsui-style-border-color-disabled-jsjyte": undefined,
  "--awsui-style-border-color-focus-jsjyte": undefined,
  "--awsui-style-border-color-hover-jsjyte": undefined,
  "--awsui-style-border-color-readonly-jsjyte": undefined,
  "--awsui-style-box-shadow-default-jsjyte": undefined,
  "--awsui-style-box-shadow-disabled-jsjyte": undefined,
  "--awsui-style-box-shadow-focus-jsjyte": undefined,
  "--awsui-style-box-shadow-hover-jsjyte": undefined,
  "--awsui-style-box-shadow-readonly-jsjyte": undefined,
  "--awsui-style-color-default-jsjyte": undefined,
  "--awsui-style-color-disabled-jsjyte": undefined,
  "--awsui-style-color-focus-jsjyte": undefined,
  "--awsui-style-color-hover-jsjyte": undefined,
  "--awsui-style-color-readonly-jsjyte": undefined,
  "--awsui-style-placeholder-color-jsjyte": undefined,
  "--awsui-style-placeholder-font-size-jsjyte": undefined,
  "--awsui-style-placeholder-font-style-jsjyte": undefined,
  "--awsui-style-placeholder-font-weight-jsjyte": undefined,
  "borderRadius": undefined,
  "borderWidth": undefined,
  "fontSize": undefined,
  "fontWeight": undefined,
  "paddingBlock": undefined,
  "paddingInline": undefined,
}
`;

exports[`getInputStyles handles all possible style configurations 3`] = `
{
  "--awsui-style-background-default-jsjyte": "#ffffff",
  "--awsui-style-background-disabled-jsjyte": "#f0f0f0",
  "--awsui-style-background-focus-jsjyte": "#ffffff",
  "--awsui-style-background-hover-jsjyte": "#fafafa",
  "--awsui-style-background-readonly-jsjyte": "#ffffff",
  "--awsui-style-border-color-default-jsjyte": "#cccccc",
  "--awsui-style-border-color-disabled-jsjyte": "#e0e0e0",
  "--awsui-style-border-color-focus-jsjyte": "#0073bb",
  "--awsui-style-border-color-hover-jsjyte": "#999999",
  "--awsui-style-border-color-readonly-jsjyte": "#e0e0e0",
  "--awsui-style-box-shadow-default-jsjyte": "none",
  "--awsui-style-box-shadow-disabled-jsjyte": "none",
  "--awsui-style-box-shadow-focus-jsjyte": "0 0 0 2px #0073bb",
  "--awsui-style-box-shadow-hover-jsjyte": "0 1px 2px rgba(0,0,0,0.1)",
  "--awsui-style-box-shadow-readonly-jsjyte": "none",
  "--awsui-style-color-default-jsjyte": "#000000",
  "--awsui-style-color-disabled-jsjyte": "#999999",
  "--awsui-style-color-focus-jsjyte": "#000000",
  "--awsui-style-color-hover-jsjyte": "#000000",
  "--awsui-style-color-readonly-jsjyte": "#000000",
  "--awsui-style-placeholder-color-jsjyte": "#999999",
  "--awsui-style-placeholder-font-size-jsjyte": "14px",
  "--awsui-style-placeholder-font-style-jsjyte": "italic",
  "--awsui-style-placeholder-font-weight-jsjyte": "400",
  "borderRadius": "4px",
  "borderWidth": "1px",
  "fontSize": "14px",
  "fontWeight": "400",
  "paddingBlock": "8px",
  "paddingInline": "12px",
}
`;
