// Jest Snapshot v1, https://goo.gl/fbAQLP

exports[`getInputStyles handles all possible style configurations 1`] = `
{
  "--awsui-style-background-default-rhu47t": undefined,
  "--awsui-style-background-disabled-rhu47t": undefined,
  "--awsui-style-background-focus-rhu47t": undefined,
  "--awsui-style-background-hover-rhu47t": undefined,
  "--awsui-style-background-readonly-rhu47t": undefined,
  "--awsui-style-border-color-default-rhu47t": undefined,
  "--awsui-style-border-color-disabled-rhu47t": undefined,
  "--awsui-style-border-color-focus-rhu47t": undefined,
  "--awsui-style-border-color-hover-rhu47t": undefined,
  "--awsui-style-border-color-readonly-rhu47t": undefined,
  "--awsui-style-box-shadow-default-rhu47t": undefined,
  "--awsui-style-box-shadow-disabled-rhu47t": undefined,
  "--awsui-style-box-shadow-focus-rhu47t": undefined,
  "--awsui-style-box-shadow-hover-rhu47t": undefined,
  "--awsui-style-box-shadow-readonly-rhu47t": undefined,
  "--awsui-style-color-default-rhu47t": undefined,
  "--awsui-style-color-disabled-rhu47t": undefined,
  "--awsui-style-color-focus-rhu47t": undefined,
  "--awsui-style-color-hover-rhu47t": undefined,
  "--awsui-style-color-readonly-rhu47t": undefined,
  "--awsui-style-placeholder-color-rhu47t": undefined,
  "--awsui-style-placeholder-font-size-rhu47t": undefined,
  "--awsui-style-placeholder-font-style-rhu47t": undefined,
  "--awsui-style-placeholder-font-weight-rhu47t": undefined,
  "borderRadius": undefined,
  "borderWidth": undefined,
  "fontSize": undefined,
  "fontWeight": undefined,
  "paddingBlock": undefined,
  "paddingInline": undefined,
}
`;

exports[`getInputStyles handles all possible style configurations 2`] = `
{
  "--awsui-style-background-default-rhu47t": undefined,
  "--awsui-style-background-disabled-rhu47t": undefined,
  "--awsui-style-background-focus-rhu47t": undefined,
  "--awsui-style-background-hover-rhu47t": undefined,
  "--awsui-style-background-readonly-rhu47t": undefined,
  "--awsui-style-border-color-default-rhu47t": undefined,
  "--awsui-style-border-color-disabled-rhu47t": undefined,
  "--awsui-style-border-color-focus-rhu47t": undefined,
  "--awsui-style-border-color-hover-rhu47t": undefined,
  "--awsui-style-border-color-readonly-rhu47t": undefined,
  "--awsui-style-box-shadow-default-rhu47t": undefined,
  "--awsui-style-box-shadow-disabled-rhu47t": undefined,
  "--awsui-style-box-shadow-focus-rhu47t": undefined,
  "--awsui-style-box-shadow-hover-rhu47t": undefined,
  "--awsui-style-box-shadow-readonly-rhu47t": undefined,
  "--awsui-style-color-default-rhu47t": undefined,
  "--awsui-style-color-disabled-rhu47t": undefined,
  "--awsui-style-color-focus-rhu47t": undefined,
  "--awsui-style-color-hover-rhu47t": undefined,
  "--awsui-style-color-readonly-rhu47t": undefined,
  "--awsui-style-placeholder-color-rhu47t": undefined,
  "--awsui-style-placeholder-font-size-rhu47t": undefined,
  "--awsui-style-placeholder-font-style-rhu47t": undefined,
  "--awsui-style-placeholder-font-weight-rhu47t": undefined,
  "borderRadius": undefined,
  "borderWidth": undefined,
  "fontSize": undefined,
  "fontWeight": undefined,
  "paddingBlock": undefined,
  "paddingInline": undefined,
}
`;

exports[`getInputStyles handles all possible style configurations 3`] = `
{
  "--awsui-style-background-default-rhu47t": "#ffffff",
  "--awsui-style-background-disabled-rhu47t": "#f0f0f0",
  "--awsui-style-background-focus-rhu47t": "#ffffff",
  "--awsui-style-background-hover-rhu47t": "#fafafa",
  "--awsui-style-background-readonly-rhu47t": "#ffffff",
  "--awsui-style-border-color-default-rhu47t": "#cccccc",
  "--awsui-style-border-color-disabled-rhu47t": "#e0e0e0",
  "--awsui-style-border-color-focus-rhu47t": "#0073bb",
  "--awsui-style-border-color-hover-rhu47t": "#999999",
  "--awsui-style-border-color-readonly-rhu47t": "#e0e0e0",
  "--awsui-style-box-shadow-default-rhu47t": "none",
  "--awsui-style-box-shadow-disabled-rhu47t": "none",
  "--awsui-style-box-shadow-focus-rhu47t": "0 0 0 2px #0073bb",
  "--awsui-style-box-shadow-hover-rhu47t": "0 1px 2px rgba(0,0,0,0.1)",
  "--awsui-style-box-shadow-readonly-rhu47t": "none",
  "--awsui-style-color-default-rhu47t": "#000000",
  "--awsui-style-color-disabled-rhu47t": "#999999",
  "--awsui-style-color-focus-rhu47t": "#000000",
  "--awsui-style-color-hover-rhu47t": "#000000",
  "--awsui-style-color-readonly-rhu47t": "#000000",
  "--awsui-style-placeholder-color-rhu47t": "#999999",
  "--awsui-style-placeholder-font-size-rhu47t": "14px",
  "--awsui-style-placeholder-font-style-rhu47t": "italic",
  "--awsui-style-placeholder-font-weight-rhu47t": "400",
  "borderRadius": "4px",
  "borderWidth": "1px",
  "fontSize": "14px",
  "fontWeight": "400",
  "paddingBlock": "8px",
  "paddingInline": "12px",
}
`;
