// Jest Snapshot v1, https://goo.gl/fbAQLP

exports[`getSegmentedControlRootStyles handles all possible style configurations 1`] = `
{
  "borderRadius": undefined,
}
`;

exports[`getSegmentedControlRootStyles handles all possible style configurations 2`] = `
{
  "borderRadius": undefined,
}
`;

exports[`getSegmentedControlRootStyles handles all possible style configurations 3`] = `
{
  "borderRadius": "8px",
}
`;

exports[`getSegmentedControlSegmentStyles handles all possible style configurations 1`] = `
{
  "--awsui-style-background-active-rufkue": undefined,
  "--awsui-style-background-default-rufkue": undefined,
  "--awsui-style-background-disabled-rufkue": undefined,
  "--awsui-style-background-hover-rufkue": undefined,
  "--awsui-style-color-active-rufkue": undefined,
  "--awsui-style-color-default-rufkue": undefined,
  "--awsui-style-color-disabled-rufkue": undefined,
  "--awsui-style-color-hover-rufkue": undefined,
  "--awsui-style-focus-ring-border-color-rufkue": undefined,
  "--awsui-style-focus-ring-border-radius-rufkue": undefined,
  "--awsui-style-focus-ring-border-width-rufkue": undefined,
  "borderRadius": undefined,
  "fontSize": undefined,
  "paddingBlock": undefined,
  "paddingInline": undefined,
}
`;

exports[`getSegmentedControlSegmentStyles handles all possible style configurations 2`] = `
{
  "--awsui-style-background-active-rufkue": undefined,
  "--awsui-style-background-default-rufkue": undefined,
  "--awsui-style-background-disabled-rufkue": undefined,
  "--awsui-style-background-hover-rufkue": undefined,
  "--awsui-style-color-active-rufkue": undefined,
  "--awsui-style-color-default-rufkue": undefined,
  "--awsui-style-color-disabled-rufkue": undefined,
  "--awsui-style-color-hover-rufkue": undefined,
  "--awsui-style-focus-ring-border-color-rufkue": undefined,
  "--awsui-style-focus-ring-border-radius-rufkue": undefined,
  "--awsui-style-focus-ring-border-width-rufkue": undefined,
  "borderRadius": undefined,
  "fontSize": undefined,
  "paddingBlock": undefined,
  "paddingInline": undefined,
}
`;

exports[`getSegmentedControlSegmentStyles handles all possible style configurations 3`] = `
{
  "--awsui-style-background-active-rufkue": "#0073bb",
  "--awsui-style-background-default-rufkue": "#ffffff",
  "--awsui-style-background-disabled-rufkue": "#f0f0f0",
  "--awsui-style-background-hover-rufkue": "#fafafa",
  "--awsui-style-color-active-rufkue": "#ffffff",
  "--awsui-style-color-default-rufkue": "#000000",
  "--awsui-style-color-disabled-rufkue": "#999999",
  "--awsui-style-color-hover-rufkue": "#000000",
  "--awsui-style-focus-ring-border-color-rufkue": "#0073bb",
  "--awsui-style-focus-ring-border-radius-rufkue": "8px",
  "--awsui-style-focus-ring-border-width-rufkue": "2px",
  "borderRadius": "6px",
  "fontSize": "14px",
  "paddingBlock": "8px",
  "paddingInline": "12px",
}
`;
