// Jest Snapshot v1, https://goo.gl/fbAQLP

exports[`getSegmentedControlRootStyles handles all possible style configurations 1`] = `
{
  "borderRadius": undefined,
}
`;

exports[`getSegmentedControlRootStyles handles all possible style configurations 2`] = `
{
  "borderRadius": undefined,
}
`;

exports[`getSegmentedControlRootStyles handles all possible style configurations 3`] = `
{
  "borderRadius": "8px",
}
`;

exports[`getSegmentedControlSegmentStyles handles all possible style configurations 1`] = `
{
  "--awsui-style-background-active-c5ek4l": undefined,
  "--awsui-style-background-default-c5ek4l": undefined,
  "--awsui-style-background-disabled-c5ek4l": undefined,
  "--awsui-style-background-hover-c5ek4l": undefined,
  "--awsui-style-color-active-c5ek4l": undefined,
  "--awsui-style-color-default-c5ek4l": undefined,
  "--awsui-style-color-disabled-c5ek4l": undefined,
  "--awsui-style-color-hover-c5ek4l": undefined,
  "--awsui-style-focus-ring-border-color-c5ek4l": undefined,
  "--awsui-style-focus-ring-border-radius-c5ek4l": undefined,
  "--awsui-style-focus-ring-border-width-c5ek4l": undefined,
  "borderRadius": undefined,
  "fontSize": undefined,
  "paddingBlock": undefined,
  "paddingInline": undefined,
}
`;

exports[`getSegmentedControlSegmentStyles handles all possible style configurations 2`] = `
{
  "--awsui-style-background-active-c5ek4l": undefined,
  "--awsui-style-background-default-c5ek4l": undefined,
  "--awsui-style-background-disabled-c5ek4l": undefined,
  "--awsui-style-background-hover-c5ek4l": undefined,
  "--awsui-style-color-active-c5ek4l": undefined,
  "--awsui-style-color-default-c5ek4l": undefined,
  "--awsui-style-color-disabled-c5ek4l": undefined,
  "--awsui-style-color-hover-c5ek4l": undefined,
  "--awsui-style-focus-ring-border-color-c5ek4l": undefined,
  "--awsui-style-focus-ring-border-radius-c5ek4l": undefined,
  "--awsui-style-focus-ring-border-width-c5ek4l": undefined,
  "borderRadius": undefined,
  "fontSize": undefined,
  "paddingBlock": undefined,
  "paddingInline": undefined,
}
`;

exports[`getSegmentedControlSegmentStyles handles all possible style configurations 3`] = `
{
  "--awsui-style-background-active-c5ek4l": "#0073bb",
  "--awsui-style-background-default-c5ek4l": "#ffffff",
  "--awsui-style-background-disabled-c5ek4l": "#f0f0f0",
  "--awsui-style-background-hover-c5ek4l": "#fafafa",
  "--awsui-style-color-active-c5ek4l": "#ffffff",
  "--awsui-style-color-default-c5ek4l": "#000000",
  "--awsui-style-color-disabled-c5ek4l": "#999999",
  "--awsui-style-color-hover-c5ek4l": "#000000",
  "--awsui-style-focus-ring-border-color-c5ek4l": "#0073bb",
  "--awsui-style-focus-ring-border-radius-c5ek4l": "8px",
  "--awsui-style-focus-ring-border-width-c5ek4l": "2px",
  "borderRadius": "6px",
  "fontSize": "14px",
  "paddingBlock": "8px",
  "paddingInline": "12px",
}
`;
