// Jest Snapshot v1, https://goo.gl/fbAQLP

exports[`Dropdown Component Style API all style properties 1`] = `
CSSStyleDeclaration {
  "0": "background",
  "1": "--awsui-dropdown-content-border-color-6190tg",
  "2": "--awsui-dropdown-content-border-width-6190tg",
  "3": "--awsui-dropdown-content-border-radius-6190tg",
  "_importants": {
    "--awsui-dropdown-content-border-color-6190tg": undefined,
    "--awsui-dropdown-content-border-radius-6190tg": undefined,
    "--awsui-dropdown-content-border-width-6190tg": undefined,
    "background": undefined,
  },
  "_length": 4,
  "_onChange": [Function],
  "_values": {
    "--awsui-dropdown-content-border-color-6190tg": "rgb(0, 0, 0)",
    "--awsui-dropdown-content-border-radius-6190tg": "8px",
    "--awsui-dropdown-content-border-width-6190tg": "2px",
    "background": "rgb(255, 255, 255)",
    "background-color": "rgb(255, 255, 255)",
  },
}
`;

exports[`Dropdown Component Style API no style applied when style prop is not set 1`] = `
CSSStyleDeclaration {
  "_importants": {},
  "_length": 0,
  "_onChange": [Function],
  "_values": {},
}
`;
