// Jest Snapshot v1, https://goo.gl/fbAQLP

exports[`getDropdownStyles handles all possible style configurations 1`] = `undefined`;

exports[`getDropdownStyles handles all possible style configurations 2`] = `undefined`;

exports[`getDropdownStyles handles all possible style configurations 3`] = `
{
  "--awsui-dropdown-content-border-color-u09ddc": "rgb(0, 0, 0)",
  "--awsui-dropdown-content-border-radius-u09ddc": "8px",
  "--awsui-dropdown-content-border-width-u09ddc": "2px",
  "background": "rgb(255, 255, 255)",
}
`;
