// Jest Snapshot v1, https://goo.gl/fbAQLP

exports[`getTokenRootStyles handles all possible style configurations 1`] = `
{
  "--awsui-style-focus-ring-border-color-hzjhvz": "#6366f1",
  "--awsui-style-focus-ring-border-radius-hzjhvz": "12px",
  "--awsui-style-focus-ring-border-width-hzjhvz": "2px",
  "--awsui-token-style-background-default-hzjhvz": "#eef2ff",
  "--awsui-token-style-background-disabled-hzjhvz": "#f1f5f9",
  "--awsui-token-style-background-read-only-hzjhvz": "#f8fafc",
  "--awsui-token-style-border-color-default-hzjhvz": "#c7d2fe",
  "--awsui-token-style-border-color-disabled-hzjhvz": "#e2e8f0",
  "--awsui-token-style-border-color-read-only-hzjhvz": "#cbd5e1",
  "--awsui-token-style-dismiss-color-default-hzjhvz": "#6366f1",
  "--awsui-token-style-dismiss-color-disabled-hzjhvz": "#cbd5e1",
  "--awsui-token-style-dismiss-color-hover-hzjhvz": "#4338ca",
  "--awsui-token-style-dismiss-color-read-only-hzjhvz": "#94a3b8",
  "borderRadius": "24px",
  "borderWidth": "2px",
  "paddingBlock": "4px",
  "paddingInline": "12px",
}
`;

exports[`getTokenRootStyles returns empty object when SYSTEM is not core 1`] = `{}`;
