// Jest Snapshot v1, https://goo.gl/fbAQLP

exports[`getTokenRootStyles handles all possible style configurations 1`] = `
{
  "--awsui-style-focus-ring-border-color-jsjyte": "#6366f1",
  "--awsui-style-focus-ring-border-radius-jsjyte": "12px",
  "--awsui-style-focus-ring-border-width-jsjyte": "2px",
  "--awsui-token-style-background-default-jsjyte": "#eef2ff",
  "--awsui-token-style-background-disabled-jsjyte": "#f1f5f9",
  "--awsui-token-style-background-read-only-jsjyte": "#f8fafc",
  "--awsui-token-style-border-color-default-jsjyte": "#c7d2fe",
  "--awsui-token-style-border-color-disabled-jsjyte": "#e2e8f0",
  "--awsui-token-style-border-color-read-only-jsjyte": "#cbd5e1",
  "--awsui-token-style-dismiss-color-default-jsjyte": "#6366f1",
  "--awsui-token-style-dismiss-color-disabled-jsjyte": "#cbd5e1",
  "--awsui-token-style-dismiss-color-hover-jsjyte": "#4338ca",
  "--awsui-token-style-dismiss-color-read-only-jsjyte": "#94a3b8",
  "borderRadius": "24px",
  "borderWidth": "2px",
  "paddingBlock": "4px",
  "paddingInline": "12px",
}
`;

exports[`getTokenRootStyles returns empty object when SYSTEM is not core 1`] = `{}`;
