// Jest Snapshot v1, https://goo.gl/fbAQLP

exports[`getTextFilterStyles handles all possible style configurations 1`] = `
{
  "--awsui-style-background-default-n6lfw8": undefined,
  "--awsui-style-background-disabled-n6lfw8": undefined,
  "--awsui-style-background-focus-n6lfw8": undefined,
  "--awsui-style-background-hover-n6lfw8": undefined,
  "--awsui-style-background-readonly-n6lfw8": undefined,
  "--awsui-style-border-color-default-n6lfw8": undefined,
  "--awsui-style-border-color-disabled-n6lfw8": undefined,
  "--awsui-style-border-color-focus-n6lfw8": undefined,
  "--awsui-style-border-color-hover-n6lfw8": undefined,
  "--awsui-style-border-color-readonly-n6lfw8": undefined,
  "--awsui-style-box-shadow-default-n6lfw8": undefined,
  "--awsui-style-box-shadow-disabled-n6lfw8": undefined,
  "--awsui-style-box-shadow-focus-n6lfw8": undefined,
  "--awsui-style-box-shadow-hover-n6lfw8": undefined,
  "--awsui-style-box-shadow-readonly-n6lfw8": undefined,
  "--awsui-style-color-default-n6lfw8": undefined,
  "--awsui-style-color-disabled-n6lfw8": undefined,
  "--awsui-style-color-focus-n6lfw8": undefined,
  "--awsui-style-color-hover-n6lfw8": undefined,
  "--awsui-style-color-readonly-n6lfw8": undefined,
  "--awsui-style-placeholder-color-n6lfw8": undefined,
  "--awsui-style-placeholder-font-size-n6lfw8": undefined,
  "--awsui-style-placeholder-font-style-n6lfw8": undefined,
  "--awsui-style-placeholder-font-weight-n6lfw8": undefined,
  "borderRadius": undefined,
  "borderWidth": undefined,
  "fontSize": undefined,
  "fontWeight": undefined,
  "paddingBlock": undefined,
  "paddingInline": undefined,
}
`;

exports[`getTextFilterStyles handles all possible style configurations 2`] = `
{
  "--awsui-style-background-default-n6lfw8": undefined,
  "--awsui-style-background-disabled-n6lfw8": undefined,
  "--awsui-style-background-focus-n6lfw8": undefined,
  "--awsui-style-background-hover-n6lfw8": undefined,
  "--awsui-style-background-readonly-n6lfw8": undefined,
  "--awsui-style-border-color-default-n6lfw8": undefined,
  "--awsui-style-border-color-disabled-n6lfw8": undefined,
  "--awsui-style-border-color-focus-n6lfw8": undefined,
  "--awsui-style-border-color-hover-n6lfw8": undefined,
  "--awsui-style-border-color-readonly-n6lfw8": undefined,
  "--awsui-style-box-shadow-default-n6lfw8": undefined,
  "--awsui-style-box-shadow-disabled-n6lfw8": undefined,
  "--awsui-style-box-shadow-focus-n6lfw8": undefined,
  "--awsui-style-box-shadow-hover-n6lfw8": undefined,
  "--awsui-style-box-shadow-readonly-n6lfw8": undefined,
  "--awsui-style-color-default-n6lfw8": undefined,
  "--awsui-style-color-disabled-n6lfw8": undefined,
  "--awsui-style-color-focus-n6lfw8": undefined,
  "--awsui-style-color-hover-n6lfw8": undefined,
  "--awsui-style-color-readonly-n6lfw8": undefined,
  "--awsui-style-placeholder-color-n6lfw8": undefined,
  "--awsui-style-placeholder-font-size-n6lfw8": undefined,
  "--awsui-style-placeholder-font-style-n6lfw8": undefined,
  "--awsui-style-placeholder-font-weight-n6lfw8": undefined,
  "borderRadius": undefined,
  "borderWidth": undefined,
  "fontSize": undefined,
  "fontWeight": undefined,
  "paddingBlock": undefined,
  "paddingInline": undefined,
}
`;

exports[`getTextFilterStyles handles all possible style configurations 3`] = `
{
  "--awsui-style-background-default-n6lfw8": "#ffffff",
  "--awsui-style-background-disabled-n6lfw8": "#f0f0f0",
  "--awsui-style-background-focus-n6lfw8": "#ffffff",
  "--awsui-style-background-hover-n6lfw8": "#fafafa",
  "--awsui-style-background-readonly-n6lfw8": "#ffffff",
  "--awsui-style-border-color-default-n6lfw8": "#cccccc",
  "--awsui-style-border-color-disabled-n6lfw8": "#e0e0e0",
  "--awsui-style-border-color-focus-n6lfw8": "#0073bb",
  "--awsui-style-border-color-hover-n6lfw8": "#999999",
  "--awsui-style-border-color-readonly-n6lfw8": "#e0e0e0",
  "--awsui-style-box-shadow-default-n6lfw8": "none",
  "--awsui-style-box-shadow-disabled-n6lfw8": "none",
  "--awsui-style-box-shadow-focus-n6lfw8": "0 0 0 2px #0073bb",
  "--awsui-style-box-shadow-hover-n6lfw8": "0 1px 2px rgba(0,0,0,0.1)",
  "--awsui-style-box-shadow-readonly-n6lfw8": "none",
  "--awsui-style-color-default-n6lfw8": "#000000",
  "--awsui-style-color-disabled-n6lfw8": "#999999",
  "--awsui-style-color-focus-n6lfw8": "#000000",
  "--awsui-style-color-hover-n6lfw8": "#000000",
  "--awsui-style-color-readonly-n6lfw8": "#000000",
  "--awsui-style-placeholder-color-n6lfw8": "#999999",
  "--awsui-style-placeholder-font-size-n6lfw8": "14px",
  "--awsui-style-placeholder-font-style-n6lfw8": "italic",
  "--awsui-style-placeholder-font-weight-n6lfw8": "400",
  "borderRadius": "4px",
  "borderWidth": "1px",
  "fontSize": "14px",
  "fontWeight": "400",
  "paddingBlock": "8px",
  "paddingInline": "12px",
}
`;
