// Jest Snapshot v1, https://goo.gl/fbAQLP

exports[`getTextFilterStyles handles all possible style configurations 1`] = `
{
  "--awsui-style-background-default-d43v8n": undefined,
  "--awsui-style-background-disabled-d43v8n": undefined,
  "--awsui-style-background-focus-d43v8n": undefined,
  "--awsui-style-background-hover-d43v8n": undefined,
  "--awsui-style-background-readonly-d43v8n": undefined,
  "--awsui-style-border-color-default-d43v8n": undefined,
  "--awsui-style-border-color-disabled-d43v8n": undefined,
  "--awsui-style-border-color-focus-d43v8n": undefined,
  "--awsui-style-border-color-hover-d43v8n": undefined,
  "--awsui-style-border-color-readonly-d43v8n": undefined,
  "--awsui-style-box-shadow-default-d43v8n": undefined,
  "--awsui-style-box-shadow-disabled-d43v8n": undefined,
  "--awsui-style-box-shadow-focus-d43v8n": undefined,
  "--awsui-style-box-shadow-hover-d43v8n": undefined,
  "--awsui-style-box-shadow-readonly-d43v8n": undefined,
  "--awsui-style-color-default-d43v8n": undefined,
  "--awsui-style-color-disabled-d43v8n": undefined,
  "--awsui-style-color-focus-d43v8n": undefined,
  "--awsui-style-color-hover-d43v8n": undefined,
  "--awsui-style-color-readonly-d43v8n": undefined,
  "--awsui-style-placeholder-color-d43v8n": undefined,
  "--awsui-style-placeholder-font-size-d43v8n": undefined,
  "--awsui-style-placeholder-font-style-d43v8n": undefined,
  "--awsui-style-placeholder-font-weight-d43v8n": undefined,
  "borderRadius": undefined,
  "borderWidth": undefined,
  "fontSize": undefined,
  "fontWeight": undefined,
  "paddingBlock": undefined,
  "paddingInline": undefined,
}
`;

exports[`getTextFilterStyles handles all possible style configurations 2`] = `
{
  "--awsui-style-background-default-d43v8n": undefined,
  "--awsui-style-background-disabled-d43v8n": undefined,
  "--awsui-style-background-focus-d43v8n": undefined,
  "--awsui-style-background-hover-d43v8n": undefined,
  "--awsui-style-background-readonly-d43v8n": undefined,
  "--awsui-style-border-color-default-d43v8n": undefined,
  "--awsui-style-border-color-disabled-d43v8n": undefined,
  "--awsui-style-border-color-focus-d43v8n": undefined,
  "--awsui-style-border-color-hover-d43v8n": undefined,
  "--awsui-style-border-color-readonly-d43v8n": undefined,
  "--awsui-style-box-shadow-default-d43v8n": undefined,
  "--awsui-style-box-shadow-disabled-d43v8n": undefined,
  "--awsui-style-box-shadow-focus-d43v8n": undefined,
  "--awsui-style-box-shadow-hover-d43v8n": undefined,
  "--awsui-style-box-shadow-readonly-d43v8n": undefined,
  "--awsui-style-color-default-d43v8n": undefined,
  "--awsui-style-color-disabled-d43v8n": undefined,
  "--awsui-style-color-focus-d43v8n": undefined,
  "--awsui-style-color-hover-d43v8n": undefined,
  "--awsui-style-color-readonly-d43v8n": undefined,
  "--awsui-style-placeholder-color-d43v8n": undefined,
  "--awsui-style-placeholder-font-size-d43v8n": undefined,
  "--awsui-style-placeholder-font-style-d43v8n": undefined,
  "--awsui-style-placeholder-font-weight-d43v8n": undefined,
  "borderRadius": undefined,
  "borderWidth": undefined,
  "fontSize": undefined,
  "fontWeight": undefined,
  "paddingBlock": undefined,
  "paddingInline": undefined,
}
`;

exports[`getTextFilterStyles handles all possible style configurations 3`] = `
{
  "--awsui-style-background-default-d43v8n": "#ffffff",
  "--awsui-style-background-disabled-d43v8n": "#f0f0f0",
  "--awsui-style-background-focus-d43v8n": "#ffffff",
  "--awsui-style-background-hover-d43v8n": "#fafafa",
  "--awsui-style-background-readonly-d43v8n": "#ffffff",
  "--awsui-style-border-color-default-d43v8n": "#cccccc",
  "--awsui-style-border-color-disabled-d43v8n": "#e0e0e0",
  "--awsui-style-border-color-focus-d43v8n": "#0073bb",
  "--awsui-style-border-color-hover-d43v8n": "#999999",
  "--awsui-style-border-color-readonly-d43v8n": "#e0e0e0",
  "--awsui-style-box-shadow-default-d43v8n": "none",
  "--awsui-style-box-shadow-disabled-d43v8n": "none",
  "--awsui-style-box-shadow-focus-d43v8n": "0 0 0 2px #0073bb",
  "--awsui-style-box-shadow-hover-d43v8n": "0 1px 2px rgba(0,0,0,0.1)",
  "--awsui-style-box-shadow-readonly-d43v8n": "none",
  "--awsui-style-color-default-d43v8n": "#000000",
  "--awsui-style-color-disabled-d43v8n": "#999999",
  "--awsui-style-color-focus-d43v8n": "#000000",
  "--awsui-style-color-hover-d43v8n": "#000000",
  "--awsui-style-color-readonly-d43v8n": "#000000",
  "--awsui-style-placeholder-color-d43v8n": "#999999",
  "--awsui-style-placeholder-font-size-d43v8n": "14px",
  "--awsui-style-placeholder-font-style-d43v8n": "italic",
  "--awsui-style-placeholder-font-weight-d43v8n": "400",
  "borderRadius": "4px",
  "borderWidth": "1px",
  "fontSize": "14px",
  "fontWeight": "400",
  "paddingBlock": "8px",
  "paddingInline": "12px",
}
`;
