// Jest Snapshot v1, https://goo.gl/fbAQLP

exports[`getTextFilterStyles handles all possible style configurations 1`] = `
{
  "--awsui-style-background-default-wdzefn": undefined,
  "--awsui-style-background-disabled-wdzefn": undefined,
  "--awsui-style-background-focus-wdzefn": undefined,
  "--awsui-style-background-hover-wdzefn": undefined,
  "--awsui-style-background-readonly-wdzefn": undefined,
  "--awsui-style-border-color-default-wdzefn": undefined,
  "--awsui-style-border-color-disabled-wdzefn": undefined,
  "--awsui-style-border-color-focus-wdzefn": undefined,
  "--awsui-style-border-color-hover-wdzefn": undefined,
  "--awsui-style-border-color-readonly-wdzefn": undefined,
  "--awsui-style-box-shadow-default-wdzefn": undefined,
  "--awsui-style-box-shadow-disabled-wdzefn": undefined,
  "--awsui-style-box-shadow-focus-wdzefn": undefined,
  "--awsui-style-box-shadow-hover-wdzefn": undefined,
  "--awsui-style-box-shadow-readonly-wdzefn": undefined,
  "--awsui-style-color-default-wdzefn": undefined,
  "--awsui-style-color-disabled-wdzefn": undefined,
  "--awsui-style-color-focus-wdzefn": undefined,
  "--awsui-style-color-hover-wdzefn": undefined,
  "--awsui-style-color-readonly-wdzefn": undefined,
  "--awsui-style-placeholder-color-wdzefn": undefined,
  "--awsui-style-placeholder-font-size-wdzefn": undefined,
  "--awsui-style-placeholder-font-style-wdzefn": undefined,
  "--awsui-style-placeholder-font-weight-wdzefn": undefined,
  "borderRadius": undefined,
  "borderWidth": undefined,
  "fontSize": undefined,
  "fontWeight": undefined,
  "paddingBlock": undefined,
  "paddingInline": undefined,
}
`;

exports[`getTextFilterStyles handles all possible style configurations 2`] = `
{
  "--awsui-style-background-default-wdzefn": undefined,
  "--awsui-style-background-disabled-wdzefn": undefined,
  "--awsui-style-background-focus-wdzefn": undefined,
  "--awsui-style-background-hover-wdzefn": undefined,
  "--awsui-style-background-readonly-wdzefn": undefined,
  "--awsui-style-border-color-default-wdzefn": undefined,
  "--awsui-style-border-color-disabled-wdzefn": undefined,
  "--awsui-style-border-color-focus-wdzefn": undefined,
  "--awsui-style-border-color-hover-wdzefn": undefined,
  "--awsui-style-border-color-readonly-wdzefn": undefined,
  "--awsui-style-box-shadow-default-wdzefn": undefined,
  "--awsui-style-box-shadow-disabled-wdzefn": undefined,
  "--awsui-style-box-shadow-focus-wdzefn": undefined,
  "--awsui-style-box-shadow-hover-wdzefn": undefined,
  "--awsui-style-box-shadow-readonly-wdzefn": undefined,
  "--awsui-style-color-default-wdzefn": undefined,
  "--awsui-style-color-disabled-wdzefn": undefined,
  "--awsui-style-color-focus-wdzefn": undefined,
  "--awsui-style-color-hover-wdzefn": undefined,
  "--awsui-style-color-readonly-wdzefn": undefined,
  "--awsui-style-placeholder-color-wdzefn": undefined,
  "--awsui-style-placeholder-font-size-wdzefn": undefined,
  "--awsui-style-placeholder-font-style-wdzefn": undefined,
  "--awsui-style-placeholder-font-weight-wdzefn": undefined,
  "borderRadius": undefined,
  "borderWidth": undefined,
  "fontSize": undefined,
  "fontWeight": undefined,
  "paddingBlock": undefined,
  "paddingInline": undefined,
}
`;

exports[`getTextFilterStyles handles all possible style configurations 3`] = `
{
  "--awsui-style-background-default-wdzefn": "#ffffff",
  "--awsui-style-background-disabled-wdzefn": "#f0f0f0",
  "--awsui-style-background-focus-wdzefn": "#ffffff",
  "--awsui-style-background-hover-wdzefn": "#fafafa",
  "--awsui-style-background-readonly-wdzefn": "#ffffff",
  "--awsui-style-border-color-default-wdzefn": "#cccccc",
  "--awsui-style-border-color-disabled-wdzefn": "#e0e0e0",
  "--awsui-style-border-color-focus-wdzefn": "#0073bb",
  "--awsui-style-border-color-hover-wdzefn": "#999999",
  "--awsui-style-border-color-readonly-wdzefn": "#e0e0e0",
  "--awsui-style-box-shadow-default-wdzefn": "none",
  "--awsui-style-box-shadow-disabled-wdzefn": "none",
  "--awsui-style-box-shadow-focus-wdzefn": "0 0 0 2px #0073bb",
  "--awsui-style-box-shadow-hover-wdzefn": "0 1px 2px rgba(0,0,0,0.1)",
  "--awsui-style-box-shadow-readonly-wdzefn": "none",
  "--awsui-style-color-default-wdzefn": "#000000",
  "--awsui-style-color-disabled-wdzefn": "#999999",
  "--awsui-style-color-focus-wdzefn": "#000000",
  "--awsui-style-color-hover-wdzefn": "#000000",
  "--awsui-style-color-readonly-wdzefn": "#000000",
  "--awsui-style-placeholder-color-wdzefn": "#999999",
  "--awsui-style-placeholder-font-size-wdzefn": "14px",
  "--awsui-style-placeholder-font-style-wdzefn": "italic",
  "--awsui-style-placeholder-font-weight-wdzefn": "400",
  "borderRadius": "4px",
  "borderWidth": "1px",
  "fontSize": "14px",
  "fontWeight": "400",
  "paddingBlock": "8px",
  "paddingInline": "12px",
}
`;
