// Jest Snapshot v1, https://goo.gl/fbAQLP

exports[`TableBodyCell should render 1`] = `
<div>
  <table>
    <tbody>
      <tr>
        <td
          class="awsui_body-cell-editable_c6tup_1717q_197 awsui_body-cell_c6tup_1717q_93 awsui_body-cell-first-row_c6tup_1717q_115 awsui_body-cell-last-row_c6tup_1717q_118"
          data-inline-editing-active="false"
        >
          test
          <span
            class="awsui_body-cell-editor_c6tup_1717q_171"
          >
            <button
              aria-label="activate edit"
              class="awsui_button_vjswe_10957_101 awsui_variant-inline-icon_vjswe_10957_180 awsui_button-no-text_vjswe_10957_881"
              type="button"
            >
              <span
                class="awsui_icon_vjswe_10957_901 awsui_icon-left_vjswe_10957_901 awsui_icon_h11ix_31bp4_98 awsui_size-normal-mapped-height_h11ix_31bp4_151 awsui_size-normal_h11ix_31bp4_147 awsui_variant-normal_h11ix_31bp4_219"
              >
                <svg
                  aria-hidden="true"
                  focusable="false"
                  viewBox="0 0 16 16"
                  xmlns="http://www.w3.org/2000/svg"
                >
                  <path
                    class="stroke-linejoin-round"
                    d="M13 8v6H3V2h6.5M6 10l8-8"
                  />
                </svg>
              </span>
            </button>
          </span>
        </td>
      </tr>
    </tbody>
  </table>
</div>
`;
