// Jest Snapshot v1, https://goo.gl/fbAQLP

exports[`getSliderStyles handles all possible style configurations 1`] = `
{
  "--awsui-style-slider-handle-background-active-jsjyte": undefined,
  "--awsui-style-slider-handle-background-default-jsjyte": undefined,
  "--awsui-style-slider-handle-background-hover-jsjyte": undefined,
  "--awsui-style-slider-handle-border-radius-jsjyte": undefined,
  "--awsui-style-slider-range-background-active-jsjyte": undefined,
  "--awsui-style-slider-range-background-default-jsjyte": undefined,
  "--awsui-style-slider-track-background-color-jsjyte": undefined,
}
`;

exports[`getSliderStyles handles all possible style configurations 2`] = `
{
  "--awsui-style-slider-handle-background-active-jsjyte": undefined,
  "--awsui-style-slider-handle-background-default-jsjyte": undefined,
  "--awsui-style-slider-handle-background-hover-jsjyte": undefined,
  "--awsui-style-slider-handle-border-radius-jsjyte": undefined,
  "--awsui-style-slider-range-background-active-jsjyte": undefined,
  "--awsui-style-slider-range-background-default-jsjyte": undefined,
  "--awsui-style-slider-track-background-color-jsjyte": undefined,
}
`;

exports[`getSliderStyles handles all possible style configurations 3`] = `
{
  "--awsui-style-slider-handle-background-active-jsjyte": "#1d4ed8",
  "--awsui-style-slider-handle-background-default-jsjyte": "#3b82f6",
  "--awsui-style-slider-handle-background-hover-jsjyte": "#2563eb",
  "--awsui-style-slider-handle-border-radius-jsjyte": "50%",
  "--awsui-style-slider-range-background-active-jsjyte": "#2563eb",
  "--awsui-style-slider-range-background-default-jsjyte": "#3b82f6",
  "--awsui-style-slider-track-background-color-jsjyte": "#dbeafe",
}
`;
